../Core/Src/main.c:77:6:HAL_UARTEx_RxEventCallback	16	static
../Core/Src/main.c:93:6:HAL_UART_ErrorCallback	16	static
../Core/Src/main.c:103:5:main	8	static
../Core/Src/main.c:163:6:SystemClock_Config	120	static
../Core/Src/main.c:223:13:MX_TIM1_Init	112	static
../Core/Src/main.c:302:13:MX_USART1_UART_Init	8	static
../Core/Src/main.c:349:13:MX_USART2_UART_Init	8	static
../Core/Src/main.c:394:13:MX_DMA_Init	16	static
../Core/Src/main.c:417:13:MX_GPIO_Init	24	static
../Core/Src/main.c:438:6:MPU_Config	24	static
../Core/Src/main.c:468:6:Error_Handler	4	static,ignoring_inline_asm
